Archive member included to satisfy reference by file (symbol)

C:/ST/STM32CubeIDE_1.18.0/STM32CubeIDE/plugins/com.st.stm32cube.ide.mcu.externaltools.gnu-tools-for-stm32.13.3.rel1.win32_1.0.0.202411081344/tools/bin/../lib/gcc/arm-none-eabi/13.3.1/../../../../arm-none-eabi/lib/thumb/v6-m/nofp\libc_nano.a(libc_a-exit.o)
                              C:/ST/STM32CubeIDE_1.18.0/STM32CubeIDE/plugins/com.st.stm32cube.ide.mcu.externaltools.gnu-tools-for-stm32.13.3.rel1.win32_1.0.0.202411081344/tools/bin/../lib/gcc/arm-none-eabi/13.3.1/../../../../arm-none-eabi/lib/thumb/v6-m/nofp/crt0.o (exit)
C:/ST/STM32CubeIDE_1.18.0/STM32CubeIDE/plugins/com.st.stm32cube.ide.mcu.externaltools.gnu-tools-for-stm32.13.3.rel1.win32_1.0.0.202411081344/tools/bin/../lib/gcc/arm-none-eabi/13.3.1/../../../../arm-none-eabi/lib/thumb/v6-m/nofp\libc_nano.a(libc_a-findfp.o)
                              C:/ST/STM32CubeIDE_1.18.0/STM32CubeIDE/plugins/com.st.stm32cube.ide.mcu.externaltools.gnu-tools-for-stm32.13.3.rel1.win32_1.0.0.202411081344/tools/bin/../lib/gcc/arm-none-eabi/13.3.1/../../../../arm-none-eabi/lib/thumb/v6-m/nofp\libc_nano.a(libc_a-exit.o) (__stdio_exit_handler)
C:/ST/STM32CubeIDE_1.18.0/STM32CubeIDE/plugins/com.st.stm32cube.ide.mcu.externaltools.gnu-tools-for-stm32.13.3.rel1.win32_1.0.0.202411081344/tools/bin/../lib/gcc/arm-none-eabi/13.3.1/../../../../arm-none-eabi/lib/thumb/v6-m/nofp\libc_nano.a(libc_a-fwalk.o)
                              C:/ST/STM32CubeIDE_1.18.0/STM32CubeIDE/plugins/com.st.stm32cube.ide.mcu.externaltools.gnu-tools-for-stm32.13.3.rel1.win32_1.0.0.202411081344/tools/bin/../lib/gcc/arm-none-eabi/13.3.1/../../../../arm-none-eabi/lib/thumb/v6-m/nofp\libc_nano.a(libc_a-findfp.o) (_fwalk_sglue)
C:/ST/STM32CubeIDE_1.18.0/STM32CubeIDE/plugins/com.st.stm32cube.ide.mcu.externaltools.gnu-tools-for-stm32.13.3.rel1.win32_1.0.0.202411081344/tools/bin/../lib/gcc/arm-none-eabi/13.3.1/../../../../arm-none-eabi/lib/thumb/v6-m/nofp\libc_nano.a(libc_a-stdio.o)
                              C:/ST/STM32CubeIDE_1.18.0/STM32CubeIDE/plugins/com.st.stm32cube.ide.mcu.externaltools.gnu-tools-for-stm32.13.3.rel1.win32_1.0.0.202411081344/tools/bin/../lib/gcc/arm-none-eabi/13.3.1/../../../../arm-none-eabi/lib/thumb/v6-m/nofp\libc_nano.a(libc_a-findfp.o) (__sread)
C:/ST/STM32CubeIDE_1.18.0/STM32CubeIDE/plugins/com.st.stm32cube.ide.mcu.externaltools.gnu-tools-for-stm32.13.3.rel1.win32_1.0.0.202411081344/tools/bin/../lib/gcc/arm-none-eabi/13.3.1/../../../../arm-none-eabi/lib/thumb/v6-m/nofp\libc_nano.a(libc_a-memset.o)
                              C:/ST/STM32CubeIDE_1.18.0/STM32CubeIDE/plugins/com.st.stm32cube.ide.mcu.externaltools.gnu-tools-for-stm32.13.3.rel1.win32_1.0.0.202411081344/tools/bin/../lib/gcc/arm-none-eabi/13.3.1/../../../../arm-none-eabi/lib/thumb/v6-m/nofp/crt0.o (memset)
C:/ST/STM32CubeIDE_1.18.0/STM32CubeIDE/plugins/com.st.stm32cube.ide.mcu.externaltools.gnu-tools-for-stm32.13.3.rel1.win32_1.0.0.202411081344/tools/bin/../lib/gcc/arm-none-eabi/13.3.1/../../../../arm-none-eabi/lib/thumb/v6-m/nofp\libc_nano.a(libc_a-closer.o)
                              C:/ST/STM32CubeIDE_1.18.0/STM32CubeIDE/plugins/com.st.stm32cube.ide.mcu.externaltools.gnu-tools-for-stm32.13.3.rel1.win32_1.0.0.202411081344/tools/bin/../lib/gcc/arm-none-eabi/13.3.1/../../../../arm-none-eabi/lib/thumb/v6-m/nofp\libc_nano.a(libc_a-stdio.o) (_close_r)
C:/ST/STM32CubeIDE_1.18.0/STM32CubeIDE/plugins/com.st.stm32cube.ide.mcu.externaltools.gnu-tools-for-stm32.13.3.rel1.win32_1.0.0.202411081344/tools/bin/../lib/gcc/arm-none-eabi/13.3.1/../../../../arm-none-eabi/lib/thumb/v6-m/nofp\libc_nano.a(libc_a-reent.o)
                              C:/ST/STM32CubeIDE_1.18.0/STM32CubeIDE/plugins/com.st.stm32cube.ide.mcu.externaltools.gnu-tools-for-stm32.13.3.rel1.win32_1.0.0.202411081344/tools/bin/../lib/gcc/arm-none-eabi/13.3.1/../../../../arm-none-eabi/lib/thumb/v6-m/nofp\libc_nano.a(libc_a-closer.o) (errno)
C:/ST/STM32CubeIDE_1.18.0/STM32CubeIDE/plugins/com.st.stm32cube.ide.mcu.externaltools.gnu-tools-for-stm32.13.3.rel1.win32_1.0.0.202411081344/tools/bin/../lib/gcc/arm-none-eabi/13.3.1/../../../../arm-none-eabi/lib/thumb/v6-m/nofp\libc_nano.a(libc_a-impure.o)
                              C:/ST/STM32CubeIDE_1.18.0/STM32CubeIDE/plugins/com.st.stm32cube.ide.mcu.externaltools.gnu-tools-for-stm32.13.3.rel1.win32_1.0.0.202411081344/tools/bin/../lib/gcc/arm-none-eabi/13.3.1/../../../../arm-none-eabi/lib/thumb/v6-m/nofp\libc_nano.a(libc_a-reent.o) (_impure_ptr)
C:/ST/STM32CubeIDE_1.18.0/STM32CubeIDE/plugins/com.st.stm32cube.ide.mcu.externaltools.gnu-tools-for-stm32.13.3.rel1.win32_1.0.0.202411081344/tools/bin/../lib/gcc/arm-none-eabi/13.3.1/../../../../arm-none-eabi/lib/thumb/v6-m/nofp\libc_nano.a(libc_a-lseekr.o)
[...]
Memory Configuration

Name             Origin             Length             Attributes
RAM              0x20000000         0x00002000         xrw
FLASH            0x08000000         0x00008000         xr
*default*        0x00000000         0xffffffff

Linker script and memory map

LOAD C:/ST/STM32CubeIDE_1.18.0/STM32CubeIDE/plugins/com.st.stm32cube.ide.mcu.externaltools.gnu-tools-for-stm32.13.3.rel1.win32_1.0.0.202411081344/tools/bin/../lib/gcc/arm-none-eabi/13.3.1/thumb/v6-m/nofp/crti.o
LOAD C:/ST/STM32CubeIDE_1.18.0/STM32CubeIDE/plugins/com.st.stm32cube.ide.mcu.externaltools.gnu-tools-for-stm32.13.3.rel1.win32_1.0.0.202411081344/tools/bin/../lib/gcc/arm-none-eabi/13.3.1/thumb/v6-m/nofp/crtbegin.o
LOAD C:/ST/STM32CubeIDE_1.18.0/STM32CubeIDE/plugins/com.st.stm32cube.ide.mcu.externaltools.gnu-tools-for-stm32.13.3.rel1.win32_1.0.0.202411081344/tools/bin/../lib/gcc/arm-none-eabi/13.3.1/../../../../arm-none-eabi/lib/thumb/v6-m/nofp/crt0.o
LOAD ./Core/Src/main.o
LOAD ./Core/Src/stm32g0xx_hal_msp.o
LOAD ./Core/Src/stm32g0xx_it.o
LOAD ./Core/Src/syscalls.o
LOAD ./Core/Src/sysmem.o
LOAD ./Core/Src/system_stm32g0xx.o
LOAD ./Core/Startup/startup_stm32g030f6px.o
LOAD ./Drivers/STM32G0xx_HAL_Driver/Src/stm32g0xx_hal.o
LOAD ./Drivers/STM32G0xx_HAL_Driver/Src/stm32g0xx_hal_adc.o
LOAD ./Drivers/STM32G0xx_HAL_Driver/Src/stm32g0xx_hal_adc_ex.o
LOAD ./Drivers/STM32G0xx_HAL_Driver/Src/stm32g0xx_hal_cortex.o
LOAD ./Drivers/STM32G0xx_HAL_Driver/Src/stm32g0xx_hal_dma.o
LOAD ./Drivers/STM32G0xx_HAL_Driver/Src/stm32g0xx_hal_dma_ex.o
LOAD ./Drivers/STM32G0xx_HAL_Driver/Src/stm32g0xx_hal_exti.o
LOAD ./Drivers/STM32G0xx_HAL_Driver/Src/stm32g0xx_hal_flash.o
LOAD ./Drivers/STM32G0xx_HAL_Driver/Src/stm32g0xx_hal_flash_ex.o
LOAD ./Drivers/STM32G0xx_HAL_Driver/Src/stm32g0xx_hal_gpio.o
LOAD ./Drivers/STM32G0xx_HAL_Driver/Src/stm32g0xx_hal_pwr.o
LOAD ./Drivers/STM32G0xx_HAL_Driver/Src/stm32g0xx_hal_pwr_ex.o
LOAD ./Drivers/STM32G0xx_HAL_Driver/Src/stm32g0xx_hal_rcc.o
LOAD ./Drivers/STM32G0xx_HAL_Driver/Src/stm32g0xx_hal_rcc_ex.o
LOAD ./Drivers/STM32G0xx_HAL_Driver/Src/stm32g0xx_hal_rtc.o
LOAD ./Drivers/STM32G0xx_HAL_Driver/Src/stm32g0xx_hal_rtc_ex.o
LOAD ./Drivers/STM32G0xx_HAL_Driver/Src/stm32g0xx_hal_tim.o
LOAD ./Drivers/STM32G0xx_HAL_Driver/Src/stm32g0xx_hal_tim_ex.o
LOAD ./Drivers/STM32G0xx_HAL_Driver/Src/stm32g0xx_ll_adc.o
LOAD ./Drivers/STM32G0xx_HAL_Driver/Src/stm32g0xx_ll_rcc.o
START GROUP
LOAD C:/ST/STM32CubeIDE_1.18.0/STM32CubeIDE/plugins/com.st.stm32cube.ide.mcu.externaltools.gnu-tools-for-stm32.13.3.rel1.win32_1.0.0.202411081344/tools/bin/../lib/gcc/arm-none-eabi/13.3.1/../../../../arm-none-eabi/lib/thumb/v6-m/nofp\libc_nano.a
LOAD C:/ST/STM32CubeIDE_1.18.0/STM32CubeIDE/plugins/com.st.stm32cube.ide.mcu.externaltools.gnu-tools-for-stm32.13.3.rel1.win32_1.0.0.202411081344/tools/bin/../lib/gcc/arm-none-eabi/13.3.1/../../../../arm-none-eabi/lib/thumb/v6-m/nofp\libm.a
END GROUP
START GROUP
LOAD C:/ST/STM32CubeIDE_1.18.0/STM32CubeIDE/plugins/com.st.stm32cube.ide.mcu.externaltools.gnu-tools-for-stm32.13.3.rel1.win32_1.0.0.202411081344/tools/bin/../lib/gcc/arm-none-eabi/13.3.1/thumb/v6-m/nofp\libgcc.a
LOAD C:/ST/STM32CubeIDE_1.18.0/STM32CubeIDE/plugins/com.st.stm32cube.ide.mcu.externaltools.gnu-tools-for-stm32.13.3.rel1.win32_1.0.0.202411081344/tools/bin/../lib/gcc/arm-none-eabi/13.3.1/../../../../arm-none-eabi/lib/thumb/v6-m/nofp\libc_nano.a
END GROUP
START GROUP
LOAD C:/ST/STM32CubeIDE_1.18.0/STM32CubeIDE/plugins/com.st.stm32cube.ide.mcu.externaltools.gnu-tools-for-stm32.13.3.rel1.win32_1.0.0.202411081344/tools/bin/../lib/gcc/arm-none-eabi/13.3.1/thumb/v6-m/nofp\libgcc.a
LOAD C:/ST/STM32CubeIDE_1.18.0/STM32CubeIDE/plugins/com.st.stm32cube.ide.mcu.externaltools.gnu-tools-for-stm32.13.3.rel1.win32_1.0.0.202411081344/tools/bin/../lib/gcc/arm-none-eabi/13.3.1/../../../../arm-none-eabi/lib/thumb/v6-m/nofp\libc_nano.a
LOAD C:/ST/STM32CubeIDE_1.18.0/STM32CubeIDE/plugins/com.st.stm32cube.ide.mcu.externaltools.gnu-tools-for-stm32.13.3.rel1.win32_1.0.0.202411081344/tools/bin/../lib/gcc/arm-none-eabi/13.3.1/../../../../arm-none-eabi/lib/thumb/v6-m/nofp\libnosys.a
END GROUP
START GROUP
LOAD C:/ST/STM32CubeIDE_1.18.0/STM32CubeIDE/plugins/com.st.stm32cube.ide.mcu.externaltools.gnu-tools-for-stm32.13.3.rel1.win32_1.0.0.202411081344/tools/bin/../lib/gcc/arm-none-eabi/13.3.1/thumb/v6-m/nofp\libgcc.a
LOAD C:/ST/STM32CubeIDE_1.18.0/STM32CubeIDE/plugins/com.st.stm32cube.ide.mcu.externaltools.gnu-tools-for-stm32.13.3.rel1.win32_1.0.0.202411081344/tools/bin/../lib/gcc/arm-none-eabi/13.3.1/../../../../arm-none-eabi/lib/thumb/v6-m/nofp\libc_nano.a
LOAD C:/ST/STM32CubeIDE_1.18.0/STM32CubeIDE/plugins/com.st.stm32cube.ide.mcu.externaltools.gnu-tools-for-stm32.13.3.rel1.win32_1.0.0.202411081344/tools/bin/../lib/gcc/arm-none-eabi/13.3.1/../../../../arm-none-eabi/lib/thumb/v6-m/nofp\libnosys.a
END GROUP
LOAD C:/ST/STM32CubeIDE_1.18.0/STM32CubeIDE/plugins/com.st.stm32cube.ide.mcu.externaltools.gnu-tools-for-stm32.13.3.rel1.win32_1.0.0.202411081344/tools/bin/../lib/gcc/arm-none-eabi/13.3.1/thumb/v6-m/nofp/crtend.o
LOAD C:/ST/STM32CubeIDE_1.18.0/STM32CubeIDE/plugins/com.st.stm32cube.ide.mcu.externaltools.gnu-tools-for-stm32.13.3.rel1.win32_1.0.0.202411081344/tools/bin/../lib/gcc/arm-none-eabi/13.3.1/thumb/v6-m/nofp/crtn.o
                0x20002000                        _estack = (ORIGIN (RAM) + LENGTH (RAM))
                0x00000200                        _Min_Heap_Size = 0x200
                0x00000400                        _Min_Stack_Size = 0x400

.isr_vector     0x08000000       0xb8
                0x08000000                        . = ALIGN (0x4)
 *(.isr_vector)
 .isr_vector    0x08000000       0xb8 ./Core/Startup/startup_stm32g030f6px.o
                0x08000000                g_pfnVectors
                0x080000b8                        . = ALIGN (0x4)

.text           0x080000b8     0x4450
                0x080000b8                        . = ALIGN (0x4)
 *(.text)
 .text          0x080000b8       0x48 C:/ST/STM32CubeIDE_1.18.0/STM32CubeIDE/plugins/com.st.stm32cube.ide.mcu.externaltools.gnu-tools-for-stm32.13.3.rel1.win32_1.0.0.202411081344/tools/bin/../lib/gcc/arm-none-eabi/13.3.1/thumb/v6-m/nofp/crtbegin.o
 .text          0x08000100      0x114 C:/ST/STM32CubeIDE_1.18.0/STM32CubeIDE/plugins/com.st.stm32cube.ide.mcu.externaltools.gnu-tools-for-stm32.13.3.rel1.win32_1.0.0.202411081344/tools/bin/../lib/gcc/arm-none-eabi/13.3.1/thumb/v6-m/nofp\libgcc.a(_udivsi3.o)
                0x08000100                __aeabi_uidiv
                0x08000100                __udivsi3
                0x0800020c                __aeabi_uidivmod
 .text          0x08000214        0x4 C:/ST/STM32CubeIDE_1.18.0/STM32CubeIDE/plugins/com.st.stm32cube.ide.mcu.externaltools.gnu-tools-for-stm32.13.3.rel1.win32_1.0.0.202411081344/tools/bin/../lib/gcc/arm-none-eabi/13.3.1/thumb/v6-m/nofp\libgcc.a(_dvmd_tls.o)
                0x08000214                __aeabi_idiv0
                0x08000214                __aeabi_ldiv0
 *(.text*)
 .text.main     0x08000218      0x150 ./Core/Src/main.o
                0x08000218                main
 .text.SystemClock_Config
                0x08000368       0xe0 ./Core/Src/main.o
                0x08000368                SystemClock_Config
 .text.MX_NVIC_Init
                0x08000448       0x3a ./Core/Src/main.o
 *fill*         0x08000482        0x2 
 .text.MX_ADC1_Init
                0x08000484       0xd4 ./Core/Src/main.o
 .text.MX_RTC_Init
                0x08000558       0x70 ./Core/Src/main.o
 .text.MX_TIM3_Init
                0x080005c8      0x104 ./Core/Src/main.o
 .text.MX_GPIO_Init
                0x080006cc      0x168 ./Core/Src/main.o
 .text.Error_Handler
                0x08000834        0xc ./Core/Src/main.o
                0x08000834                Error_Handler
 .text.HAL_MspInit
                0x08000840       0x48 ./Core/Src/stm32g0xx_hal_msp.o
                0x08000840                HAL_MspInit
 .text.HAL_ADC_MspInit
                0x08000888       0x88 ./Core/Src/stm32g0xx_hal_msp.o
                0x08000888                HAL_ADC_MspInit
 .text.HAL_RTC_MspInit
                0x08000910       0x7c ./Core/Src/stm32g0xx_hal_msp.o
                0x08000910                HAL_RTC_MspInit
 .text.HAL_TIM_Base_MspInit
                0x0800098c       0x3c ./Core/Src/stm32g0xx_hal_msp.o
                0x0800098c                HAL_TIM_Base_MspInit
 .text.HAL_TIM_MspPostInit
                0x080009c8       0x78 ./Core/Src/stm32g0xx_hal_msp.o
                0x080009c8                HAL_TIM_MspPostInit
 .text.NMI_Handler
                0x08000a40        0x8 ./Core/Src/stm32g0xx_it.o
                0x08000a40                NMI_Handler
 .text.HardFault_Handler
                0x08000a48        0x8 ./Core/Src/stm32g0xx_it.o
                0x08000a48                HardFault_Handler
 .text.SVC_Handler
                0x08000a50        0xa ./Core/Src/stm32g0xx_it.o
                0x08000a50                SVC_Handler
 .text.PendSV_Handler
                0x08000a5a        0xa ./Core/Src/stm32g0xx_it.o
                0x08000a5a                PendSV_Handler
 .text.SysTick_Handler
                0x08000a64        0xe ./Core/Src/stm32g0xx_it.o
                0x08000a64                SysTick_Handler
 *fill*         0x08000a72        0x2 
 .text.RTC_TAMP_IRQHandler
                0x08000a74       0x18 ./Core/Src/stm32g0xx_it.o
                0x08000a74                RTC_TAMP_IRQHandler
 .text.EXTI4_15_IRQHandler
                0x08000a8c       0x14 ./Core/Src/stm32g0xx_it.o
                0x08000a8c                EXTI4_15_IRQHandler
 .text.TIM3_IRQHandler
                0x08000aa0       0x18 ./Core/Src/stm32g0xx_it.o
                0x08000aa0                TIM3_IRQHandler
 .text.SystemInit
                0x08000ab8        0xa ./Core/Src/system_stm32g0xx.o
                0x08000ab8                SystemInit
 *fill*         0x08000ac2        0x2 
 .text.Reset_Handler
                0x08000ac4       0x50 ./Core/Startup/startup_stm32g030f6px.o
                0x08000ac4                Reset_Handler
 .text.Default_Handler
                0x08000b14        0x2 ./Core/Startup/startup_stm32g030f6px.o
                0x08000b14                TIM1_CC_IRQHandler
                0x08000b14                I2C1_IRQHandler
                0x08000b14                SPI1_IRQHandler
                0x08000b14                DMA1_Ch4_5_DMAMUX1_OVR_IRQHandler
                0x08000b14                EXTI2_3_IRQHandler
                0x08000b14                ADC1_IRQHandler
                0x08000b14                I2C2_IRQHandler
                0x08000b14                TIM17_IRQHandler
                0x08000b14                TIM16_IRQHandler
                0x08000b14                RCC_IRQHandler
                0x08000b14                DMA1_Channel1_IRQHandler
                0x08000b14                Default_Handler
                0x08000b14                TIM14_IRQHandler
                0x08000b14                EXTI0_1_IRQHandler
                0x08000b14                SPI2_IRQHandler
                0x08000b14                WWDG_IRQHandler
                0x08000b14                DMA1_Channel2_3_IRQHandler
                0x08000b14                USART2_IRQHandler
                0x08000b14                FLASH_IRQHandler
                0x08000b14                USART1_IRQHandler
                0x08000b14                TIM1_BRK_UP_TRG_COM_IRQHandler
 *fill*         0x08000b16        0x2 
 .text.HAL_Init
                0x08000b18       0x40 ./Drivers/STM32G0xx_HAL_Driver/Src/stm32g0xx_hal.o
                0x08000b18                HAL_Init
 .text.HAL_InitTick
                0x08000b58       0x94 ./Drivers/STM32G0xx_HAL_Driver/Src/stm32g0xx_hal.o
                0x08000b58                HAL_InitTick
 .text.HAL_IncTick
                0x08000bec       0x24 ./Drivers/STM32G0xx_HAL_Driver/Src/stm32g0xx_hal.o
                0x08000bec                HAL_IncTick
 .text.HAL_GetTick
                0x08000c10       0x14 ./Drivers/STM32G0xx_HAL_Driver/Src/stm32g0xx_hal.o
                0x08000c10                HAL_GetTick
 .text.HAL_Delay
                0x08000c24       0x48 ./Drivers/STM32G0xx_HAL_Driver/Src/stm32g0xx_hal.o
                0x08000c24                HAL_Delay
 .text.HAL_SuspendTick
                0x08000c6c       0x1c ./Drivers/STM32G0xx_HAL_Driver/Src/stm32g0xx_hal.o
                0x08000c6c                HAL_SuspendTick
 .text.HAL_ResumeTick
                0x08000c88       0x1c ./Drivers/STM32G0xx_HAL_Driver/Src/stm32g0xx_hal.o
                0x08000c88                HAL_ResumeTick
 .text.LL_ADC_SetCommonPathInternalCh
                0x08000ca4       0x28 ./Drivers/STM32G0xx_HAL_Driver/Src/stm32g0xx_hal_adc.o
 .text.LL_ADC_GetCommonPathInternalCh
                0x08000ccc       0x1a ./Drivers/STM32G0xx_HAL_Driver/Src/stm32g0xx_hal_adc.o
 .text.LL_ADC_SetSamplingTimeCommonChannels
                0x08000ce6       0x3a ./Drivers/STM32G0xx_HAL_Driver/Src/stm32g0xx_hal_adc.o
 .text.LL_ADC_GetSamplingTimeCommonChannels
                0x08000d20       0x2e ./Drivers/STM32G0xx_HAL_Driver/Src/stm32g0xx_hal_adc.o
 .text.LL_ADC_REG_IsTriggerSourceSWStart
                0x08000d4e       0x22 ./Drivers/STM32G0xx_HAL_Driver/Src/stm32g0xx_hal_adc.o
 .text.LL_ADC_REG_SetSequencerRanks
                0x08000d70       0x40 ./Drivers/STM32G0xx_HAL_Driver/Src/stm32g0xx_hal_adc.o
 .text.LL_ADC_REG_SetSequencerChAdd
                0x08000db0       0x22 ./Drivers/STM32G0xx_HAL_Driver/Src/stm32g0xx_hal_adc.o
 .text.LL_ADC_REG_SetSequencerChRem
                0x08000dd2       0x24 ./Drivers/STM32G0xx_HAL_Driver/Src/stm32g0xx_hal_adc.o
 *fill*         0x08000df6        0x2 
 .text.LL_ADC_SetChannelSamplingTime
                0x08000df8       0x38 ./Drivers/STM32G0xx_HAL_Driver/Src/stm32g0xx_hal_adc.o
 .text.LL_ADC_EnableInternalRegulator
                0x08000e30       0x28 ./Drivers/STM32G0xx_HAL_Driver/Src/stm32g0xx_hal_adc.o
 .text.LL_ADC_IsInternalRegulatorEnabled
                0x08000e58       0x28 ./Drivers/STM32G0xx_HAL_Driver/Src/stm32g0xx_hal_adc.o
 .text.LL_ADC_Enable
                0x08000e80       0x24 ./Drivers/STM32G0xx_HAL_Driver/Src/stm32g0xx_hal_adc.o
 .text.LL_ADC_Disable
                0x08000ea4       0x24 ./Drivers/STM32G0xx_HAL_Driver/Src/stm32g0xx_hal_adc.o
 .text.LL_ADC_IsEnabled
                0x08000ec8       0x22 ./Drivers/STM32G0xx_HAL_Driver/Src/stm32g0xx_hal_adc.o
 .text.LL_ADC_IsDisableOngoing
                0x08000eea       0x22 ./Drivers/STM32G0xx_HAL_Driver/Src/stm32g0xx_hal_adc.o
 .text.LL_ADC_REG_StartConversion
                0x08000f0c       0x24 ./Drivers/STM32G0xx_HAL_Driver/Src/stm32g0xx_hal_adc.o
 .text.LL_ADC_REG_StopConversion
                0x08000f30       0x24 ./Drivers/STM32G0xx_HAL_Driver/Src/stm32g0xx_hal_adc.o
 .text.LL_ADC_REG_IsConversionOngoing
                0x08000f54       0x22 ./Drivers/STM32G0xx_HAL_Driver/Src/stm32g0xx_hal_adc.o
 *fill*         0x08000f76        0x2 
 .text.HAL_ADC_Init
                0x08000f78      0x350 ./Drivers/STM32G0xx_HAL_Driver/Src/stm32g0xx_hal_adc.o
                0x08000f78                HAL_ADC_Init
 .text.HAL_ADC_Start
                0x080012c8       0x9c ./Drivers/STM32G0xx_HAL_Driver/Src/stm32g0xx_hal_adc.o
                0x080012c8                HAL_ADC_Start
 .text.HAL_ADC_Stop
                0x08001364       0x78 ./Drivers/STM32G0xx_HAL_Driver/Src/stm32g0xx_hal_adc.o
                0x08001364                HAL_ADC_Stop
 .text.HAL_ADC_PollForConversion
                0x080013dc      0x128 ./Drivers/STM32G0xx_HAL_Driver/Src/stm32g0xx_hal_adc.o
                0x080013dc                HAL_ADC_PollForConversion
 .text.HAL_ADC_GetValue
                0x08001504       0x16 ./Drivers/STM32G0xx_HAL_Driver/Src/stm32g0xx_hal_adc.o
                0x08001504                HAL_ADC_GetValue
 *fill*         0x0800151a        0x2 
 .text.HAL_ADC_ConfigChannel
                0x0800151c      0x3b0 ./Drivers/STM32G0xx_HAL_Driver/Src/stm32g0xx_hal_adc.o
                0x0800151c                HAL_ADC_ConfigChannel
 .text.ADC_ConversionStop
                0x080018cc       0x84 ./Drivers/STM32G0xx_HAL_Driver/Src/stm32g0xx_hal_adc.o
                0x080018cc                ADC_ConversionStop
 .text.ADC_Enable
                0x08001950      0x10c ./Drivers/STM32G0xx_HAL_Driver/Src/stm32g0xx_hal_adc.o
                0x08001950                ADC_Enable
 .text.ADC_Disable
                0x08001a5c       0xbc ./Drivers/STM32G0xx_HAL_Driver/Src/stm32g0xx_hal_adc.o
                0x08001a5c                ADC_Disable
 .text.__NVIC_EnableIRQ
                0x08001b18       0x34 ./Drivers/STM32G0xx_HAL_Driver/Src/stm32g0xx_hal_cortex.o
 .text.__NVIC_SetPriority
                0x08001b4c       0xdc ./Drivers/STM32G0xx_HAL_Driver/Src/stm32g0xx_hal_cortex.o
 .text.SysTick_Config
                0x08001c28       0x48 ./Drivers/STM32G0xx_HAL_Driver/Src/stm32g0xx_hal_cortex.o
 .text.HAL_NVIC_SetPriority
                0x08001c70       0x2a ./Drivers/STM32G0xx_HAL_Driver/Src/stm32g0xx_hal_cortex.o
                0x08001c70                HAL_NVIC_SetPriority
 .text.HAL_NVIC_EnableIRQ
                0x08001c9a       0x20 ./Drivers/STM32G0xx_HAL_Driver/Src/stm32g0xx_hal_cortex.o
                0x08001c9a                HAL_NVIC_EnableIRQ
 .text.HAL_SYSTICK_Config
                0x08001cba       0x1a ./Drivers/STM32G0xx_HAL_Driver/Src/stm32g0xx_hal_cortex.o
                0x08001cba                HAL_SYSTICK_Config
 .text.HAL_GPIO_Init
                0x08001cd4      0x2c8 ./Drivers/STM32G0xx_HAL_Driver/Src/stm32g0xx_hal_gpio.o
                0x08001cd4                HAL_GPIO_Init
 .text.HAL_GPIO_ReadPin
                0x08001f9c       0x3a ./Drivers/STM32G0xx_HAL_Driver/Src/stm32g0xx_hal_gpio.o
                0x08001f9c                HAL_GPIO_ReadPin
 .text.HAL_GPIO_WritePin
                0x08001fd6       0x3a ./Drivers/STM32G0xx_HAL_Driver/Src/stm32g0xx_hal_gpio.o
                0x08001fd6                HAL_GPIO_WritePin
 .text.HAL_GPIO_EXTI_IRQHandler
                0x08002010       0x54 ./Drivers/STM32G0xx_HAL_Driver/Src/stm32g0xx_hal_gpio.o
                0x08002010                HAL_GPIO_EXTI_IRQHandler
 .text.HAL_GPIO_EXTI_Rising_Callback
                0x08002064       0x14 ./Drivers/STM32G0xx_HAL_Driver/Src/stm32g0xx_hal_gpio.o
                0x08002064                HAL_GPIO_EXTI_Rising_Callback
 .text.HAL_GPIO_EXTI_Falling_Callback
                0x08002078       0x14 ./Drivers/STM32G0xx_HAL_Driver/Src/stm32g0xx_hal_gpio.o
                0x08002078                HAL_GPIO_EXTI_Falling_Callback
 .text.HAL_PWR_EnterSTOPMode
                0x0800208c       0x70 ./Drivers/STM32G0xx_HAL_Driver/Src/stm32g0xx_hal_pwr.o
                0x0800208c                HAL_PWR_EnterSTOPMode
 .text.HAL_PWREx_ControlVoltageScaling
                0x080020fc       0x80 ./Drivers/STM32G0xx_HAL_Driver/Src/stm32g0xx_hal_pwr_ex.o
                0x080020fc                HAL_PWREx_ControlVoltageScaling
 .text.HAL_RCC_OscConfig
                0x0800217c      0x620 ./Drivers/STM32G0xx_HAL_Driver/Src/stm32g0xx_hal_rcc.o
                0x0800217c                HAL_RCC_OscConfig
 .text.HAL_RCC_ClockConfig
                0x0800279c      0x210 ./Drivers/STM32G0xx_HAL_Driver/Src/stm32g0xx_hal_rcc.o
                0x0800279c                HAL_RCC_ClockConfig
 .text.HAL_RCC_MCOConfig
                0x080029ac       0xa8 ./Drivers/STM32G0xx_HAL_Driver/Src/stm32g0xx_hal_rcc.o
                0x080029ac                HAL_RCC_MCOConfig
 .text.HAL_RCC_GetSysClockFreq
                0x08002a54      0x104 ./Drivers/STM32G0xx_HAL_Driver/Src/stm32g0xx_hal_rcc.o
                0x08002a54                HAL_RCC_GetSysClockFreq
 .text.HAL_RCCEx_PeriphCLKConfig
                0x08002b58      0x24c ./Drivers/STM32G0xx_HAL_Driver/Src/stm32g0xx_hal_rcc_ex.o
                0x08002b58                HAL_RCCEx_PeriphCLKConfig
 .text.HAL_RTC_Init
                0x08002da4      0x144 ./Drivers/STM32G0xx_HAL_Driver/Src/stm32g0xx_hal_rtc.o
                0x08002da4                HAL_RTC_Init
 .text.HAL_RTC_WaitForSynchro
                0x08002ee8       0x4c ./Drivers/STM32G0xx_HAL_Driver/Src/stm32g0xx_hal_rtc.o
                0x08002ee8                HAL_RTC_WaitForSynchro
 .text.RTC_EnterInitMode
                0x08002f34       0x84 ./Drivers/STM32G0xx_HAL_Driver/Src/stm32g0xx_hal_rtc.o
                0x08002f34                RTC_EnterInitMode
 .text.RTC_ExitInitMode
                0x08002fb8       0x88 ./Drivers/STM32G0xx_HAL_Driver/Src/stm32g0xx_hal_rtc.o
                0x08002fb8                RTC_ExitInitMode
 .text.HAL_RTCEx_SetWakeUpTimer_IT
                0x08003040      0x134 ./Drivers/STM32G0xx_HAL_Driver/Src/stm32g0xx_hal_rtc_ex.o
                0x08003040                HAL_RTCEx_SetWakeUpTimer_IT
 .text.HAL_RTCEx_WakeUpTimerIRQHandler
                0x08003174       0x3c ./Drivers/STM32G0xx_HAL_Driver/Src/stm32g0xx_hal_rtc_ex.o
                0x08003174                HAL_RTCEx_WakeUpTimerIRQHandler
 .text.HAL_RTCEx_WakeUpTimerEventCallback
                0x080031b0       0x10 ./Drivers/STM32G0xx_HAL_Driver/Src/stm32g0xx_hal_rtc_ex.o
                0x080031b0                HAL_RTCEx_WakeUpTimerEventCallback
 .text.HAL_TIM_Base_Init
                0x080031c0       0xb0 ./Drivers/STM32G0xx_HAL_Driver/Src/stm32g0xx_hal_tim.o
                0x080031c0                HAL_TIM_Base_Init
 .text.HAL_TIM_PWM_Init
                0x08003270       0xb0 ./Drivers/STM32G0xx_HAL_Driver/Src/stm32g0xx_hal_tim.o
                0x08003270                HAL_TIM_PWM_Init
 .text.HAL_TIM_PWM_MspInit
                0x08003320       0x10 ./Drivers/STM32G0xx_HAL_Driver/Src/stm32g0xx_hal_tim.o
                0x08003320                HAL_TIM_PWM_MspInit
 .text.HAL_TIM_PWM_Start
                0x08003330      0x1b0 ./Drivers/STM32G0xx_HAL_Driver/Src/stm32g0xx_hal_tim.o
                0x08003330                HAL_TIM_PWM_Start
 .text.HAL_TIM_PWM_Stop
                0x080034e0      0x10c ./Drivers/STM32G0xx_HAL_Driver/Src/stm32g0xx_hal_tim.o
                0x080034e0                HAL_TIM_PWM_Stop
 .text.HAL_TIM_IRQHandler
                0x080035ec      0x210 ./Drivers/STM32G0xx_HAL_Driver/Src/stm32g0xx_hal_tim.o
                0x080035ec                HAL_TIM_IRQHandler
 .text.HAL_TIM_PWM_ConfigChannel
                0x080037fc      0x200 ./Drivers/STM32G0xx_HAL_Driver/Src/stm32g0xx_hal_tim.o
                0x080037fc                HAL_TIM_PWM_ConfigChannel
 .text.HAL_TIM_ConfigClockSource
                0x080039fc      0x1ac ./Drivers/STM32G0xx_HAL_Driver/Src/stm32g0xx_hal_tim.o
                0x080039fc                HAL_TIM_ConfigClockSource
 .text.HAL_TIM_PeriodElapsedCallback
                0x08003ba8       0x10 ./Drivers/STM32G0xx_HAL_Driver/Src/stm32g0xx_hal_tim.o
                0x08003ba8                HAL_TIM_PeriodElapsedCallback
 .text.HAL_TIM_OC_DelayElapsedCallback
                0x08003bb8       0x10 ./Drivers/STM32G0xx_HAL_Driver/Src/stm32g0xx_hal_tim.o
                0x08003bb8                HAL_TIM_OC_DelayElapsedCallback
 .text.HAL_TIM_IC_CaptureCallback
                0x08003bc8       0x10 ./Drivers/STM32G0xx_HAL_Driver/Src/stm32g0xx_hal_tim.o
                0x08003bc8                HAL_TIM_IC_CaptureCallback
 .text.HAL_TIM_PWM_PulseFinishedCallback
                0x08003bd8       0x10 ./Drivers/STM32G0xx_HAL_Driver/Src/stm32g0xx_hal_tim.o
                0x08003bd8                HAL_TIM_PWM_PulseFinishedCallback
 .text.HAL_TIM_TriggerCallback
                0x08003be8       0x10 ./Drivers/STM32G0xx_HAL_Driver/Src/stm32g0xx_hal_tim.o
                0x08003be8                HAL_TIM_TriggerCallback
 .text.TIM_Base_SetConfig
                0x08003bf8       0xf4 ./Drivers/STM32G0xx_HAL_Driver/Src/stm32g0xx_hal_tim.o
                0x08003bf8                TIM_Base_SetConfig
 .text.TIM_OC1_SetConfig
                0x08003cec      0x100 ./Drivers/STM32G0xx_HAL_Driver/Src/stm32g0xx_hal_tim.o
 .text.TIM_OC2_SetConfig
                0x08003dec       0xfc ./Drivers/STM32G0xx_HAL_Driver/Src/stm32g0xx_hal_tim.o
                0x08003dec                TIM_OC2_SetConfig
 .text.TIM_OC3_SetConfig
                0x08003ee8      0x104 ./Drivers/STM32G0xx_HAL_Driver/Src/stm32g0xx_hal_tim.o
 .text.TIM_OC4_SetConfig
                0x08003fec       0xc8 ./Drivers/STM32G0xx_HAL_Driver/Src/stm32g0xx_hal_tim.o
 .text.TIM_OC5_SetConfig
                0x080040b4       0xb4 ./Drivers/STM32G0xx_HAL_Driver/Src/stm32g0xx_hal_tim.o
 .text.TIM_OC6_SetConfig
                0x08004168       0xbc ./Drivers/STM32G0xx_HAL_Driver/Src/stm32g0xx_hal_tim.o
 .text.TIM_TI1_ConfigInputStage
                0x08004224       0x5c ./Drivers/STM32G0xx_HAL_Driver/Src/stm32g0xx_hal_tim.o
 .text.TIM_TI2_ConfigInputStage
                0x08004280       0x64 ./Drivers/STM32G0xx_HAL_Driver/Src/stm32g0xx_hal_tim.o
 .text.TIM_ITRx_SetConfig
                0x080042e4       0x38 ./Drivers/STM32G0xx_HAL_Driver/Src/stm32g0xx_hal_tim.o
 .text.TIM_ETR_SetConfig
                0x0800431c       0x40 ./Drivers/STM32G0xx_HAL_Driver/Src/stm32g0xx_hal_tim.o
                0x0800431c                TIM_ETR_SetConfig
 .text.TIM_CCxChannelCmd
                0x0800435c       0x46 ./Drivers/STM32G0xx_HAL_Driver/Src/stm32g0xx_hal_tim.o
                0x0800435c                TIM_CCxChannelCmd
 *fill*         0x080043a2        0x2 
 .text.HAL_TIMEx_MasterConfigSynchronization
                0x080043a4       0xc4 ./Drivers/STM32G0xx_HAL_Driver/Src/stm32g0xx_hal_tim_ex.o
                0x080043a4                HAL_TIMEx_MasterConfigSynchronization
 .text.HAL_TIMEx_CommutCallback
                0x08004468       0x10 ./Drivers/STM32G0xx_HAL_Driver/Src/stm32g0xx_hal_tim_ex.o
                0x08004468                HAL_TIMEx_CommutCallback
 .text.HAL_TIMEx_BreakCallback
                0x08004478       0x10 ./Drivers/STM32G0xx_HAL_Driver/Src/stm32g0xx_hal_tim_ex.o
                0x08004478                HAL_TIMEx_BreakCallback
 .text.HAL_TIMEx_Break2Callback
                0x08004488       0x10 ./Drivers/STM32G0xx_HAL_Driver/Src/stm32g0xx_hal_tim_ex.o
                0x08004488                HAL_TIMEx_Break2Callback
 .text.memset   0x08004498       0x10 C:/ST/STM32CubeIDE_1.18.0/STM32CubeIDE/plugins/com.st.stm32cube.ide.mcu.externaltools.gnu-tools-for-stm32.13.3.rel1.win32_1.0.0.202411081344/tools/bin/../lib/gcc/arm-none-eabi/13.3.1/../../../../arm-none-eabi/lib/thumb/v6-m/nofp\libc_nano.a(libc_a-memset.o)
                0x08004498                memset
 .text.__libc_init_array
                0x080044a8       0x48 C:/ST/STM32CubeIDE_1.18.0/STM32CubeIDE/plugins/com.st.stm32cube.ide.mcu.externaltools.gnu-tools-for-stm32.13.3.rel1.win32_1.0.0.202411081344/tools/bin/../lib/gcc/arm-none-eabi/13.3.1/../../../../arm-none-eabi/lib/thumb/v6-m/nofp\libc_nano.a(libc_a-init.o)
                0x080044a8                __libc_init_array
 *(.glue_7)
 .glue_7        0x080044f0        0x0 linker stubs
 *(.glue_7t)
 .glue_7t       0x080044f0        0x0 linker stubs
 *(.eh_frame)
 .eh_frame      0x080044f0        0x0 C:/ST/STM32CubeIDE_1.18.0/STM32CubeIDE/plugins/com.st.stm32cube.ide.mcu.externaltools.gnu-tools-for-stm32.13.3.rel1.win32_1.0.0.202411081344/tools/bin/../lib/gcc/arm-none-eabi/13.3.1/thumb/v6-m/nofp/crtbegin.o
 *(.init)
 .init          0x080044f0        0x4 C:/ST/STM32CubeIDE_1.18.0/STM32CubeIDE/plugins/com.st.stm32cube.ide.mcu.externaltools.gnu-tools-for-stm32.13.3.rel1.win32_1.0.0.202411081344/tools/bin/../lib/gcc/arm-none-eabi/13.3.1/thumb/v6-m/nofp/crti.o
                0x080044f0                _init
 .init          0x080044f4        0x8 C:/ST/STM32CubeIDE_1.18.0/STM32CubeIDE/plugins/com.st.stm32cube.ide.mcu.externaltools.gnu-tools-for-stm32.13.3.rel1.win32_1.0.0.202411081344/tools/bin/../lib/gcc/arm-none-eabi/13.3.1/thumb/v6-m/nofp/crtn.o
 *(.fini)
 .fini          0x080044fc        0x4 C:/ST/STM32CubeIDE_1.18.0/STM32CubeIDE/plugins/com.st.stm32cube.ide.mcu.externaltools.gnu-tools-for-stm32.13.3.rel1.win32_1.0.0.202411081344/tools/bin/../lib/gcc/arm-none-eabi/13.3.1/thumb/v6-m/nofp/crti.o
                0x080044fc                _fini
 .fini          0x08004500        0x8 C:/ST/STM32CubeIDE_1.18.0/STM32CubeIDE/plugins/com.st.stm32cube.ide.mcu.externaltools.gnu-tools-for-stm32.13.3.rel1.win32_1.0.0.202411081344/tools/bin/../lib/gcc/arm-none-eabi/13.3.1/thumb/v6-m/nofp/crtn.o
                0x08004508                        . = ALIGN (0x4)
                0x08004508                        _etext = .

.vfp11_veneer   0x08004508        0x0
 .vfp11_veneer  0x08004508        0x0 linker stubs

.v4_bx          0x08004508        0x0
 .v4_bx         0x08004508        0x0 linker stubs

.iplt           0x08004508        0x0
 .iplt          0x08004508        0x0 C:/ST/STM32CubeIDE_1.18.0/STM32CubeIDE/plugins/com.st.stm32cube.ide.mcu.externaltools.gnu-tools-for-stm32.13.3.rel1.win32_1.0.0.202411081344/tools/bin/../lib/gcc/arm-none-eabi/13.3.1/thumb/v6-m/nofp/crtbegin.o

.rodata         0x08004508       0x94
                0x08004508                        . = ALIGN (0x4)
 *(.rodata)
 *(.rodata*)
 .rodata.AHBPrescTable
                0x08004508       0x40 ./Core/Src/system_stm32g0xx.o
                0x08004508                AHBPrescTable
 .rodata.HAL_TIM_PWM_ConfigChannel
                0x08004548       0x54 ./Drivers/STM32G0xx_HAL_Driver/Src/stm32g0xx_hal_tim.o
                0x0800459c                        . = ALIGN (0x4)

.ARM.extab      0x0800459c        0x0
                0x0800459c                        . = ALIGN (0x4)
 *(.ARM.extab* .gnu.linkonce.armextab.*)
                0x0800459c                        . = ALIGN (0x4)

.ARM            0x0800459c        0x0
                0x0800459c                        . = ALIGN (0x4)
                0x0800459c                        __exidx_start = .
 *(.ARM.exidx*)
                0x0800459c                        __exidx_end = .
                0x0800459c                        . = ALIGN (0x4)

.preinit_array  0x0800459c        0x0
                0x0800459c                        . = ALIGN (0x4)
                0x0800459c                        PROVIDE (__preinit_array_start = .)
 *(.preinit_array*)
                0x0800459c                        PROVIDE (__preinit_array_end = .)
                0x0800459c                        . = ALIGN (0x4)

.init_array     0x0800459c        0x4
                0x0800459c                        . = ALIGN (0x4)
                0x0800459c                        PROVIDE (__init_array_start = .)
 *(SORT_BY_NAME(.init_array.*))
 *(.init_array*)
 .init_array    0x0800459c        0x4 C:/ST/STM32CubeIDE_1.18.0/STM32CubeIDE/plugins/com.st.stm32cube.ide.mcu.externaltools.gnu-tools-for-stm32.13.3.rel1.win32_1.0.0.202411081344/tools/bin/../lib/gcc/arm-none-eabi/13.3.1/thumb/v6-m/nofp/crtbegin.o
                0x080045a0                        PROVIDE (__init_array_end = .)
                0x080045a0                        . = ALIGN (0x4)

.fini_array     0x080045a0        0x4
                0x080045a0                        . = ALIGN (0x4)
                [!provide]                        PROVIDE (__fini_array_start = .)
 *(SORT_BY_NAME(.fini_array.*))
 *(.fini_array*)
 .fini_array    0x080045a0        0x4 C:/ST/STM32CubeIDE_1.18.0/STM32CubeIDE/plugins/com.st.stm32cube.ide.mcu.externaltools.gnu-tools-for-stm32.13.3.rel1.win32_1.0.0.202411081344/tools/bin/../lib/gcc/arm-none-eabi/13.3.1/thumb/v6-m/nofp/crtbegin.o
                [!provide]                        PROVIDE (__fini_array_end = .)
                0x080045a4                        . = ALIGN (0x4)
                0x080045a4                        _sidata = LOADADDR (.data)

.rel.dyn        0x080045a4        0x0
 .rel.iplt      0x080045a4        0x0 C:/ST/STM32CubeIDE_1.18.0/STM32CubeIDE/plugins/com.st.stm32cube.ide.mcu.externaltools.gnu-tools-for-stm32.13.3.rel1.win32_1.0.0.202411081344/tools/bin/../lib/gcc/arm-none-eabi/13.3.1/thumb/v6-m/nofp/crtbegin.o

.data           0x20000000        0xc load address 0x080045a4
                0x20000000                        . = ALIGN (0x4)
                0x20000000                        _sdata = .
 *(.data)
 *(.data*)
 .data.SystemCoreClock
                0x20000000        0x4 ./Core/Src/system_stm32g0xx.o
                0x20000000                SystemCoreClock
 .data.uwTickPrio
                0x20000004        0x4 ./Drivers/STM32G0xx_HAL_Driver/Src/stm32g0xx_hal.o
                0x20000004                uwTickPrio
 .data.uwTickFreq
                0x20000008        0x1 ./Drivers/STM32G0xx_HAL_Driver/Src/stm32g0xx_hal.o
                0x20000008                uwTickFreq
 *(.RamFunc)
 *(.RamFunc*)
                0x2000000c                        . = ALIGN (0x4)
 *fill*         0x20000009        0x3 
                0x2000000c                        _edata = .

.igot.plt       0x2000000c        0x0 load address 0x080045b0
 .igot.plt      0x2000000c        0x0 C:/ST/STM32CubeIDE_1.18.0/STM32CubeIDE/plugins/com.st.stm32cube.ide.mcu.externaltools.gnu-tools-for-stm32.13.3.rel1.win32_1.0.0.202411081344/tools/bin/../lib/gcc/arm-none-eabi/13.3.1/thumb/v6-m/nofp/crtbegin.o
                0x2000000c                        . = ALIGN (0x4)

.bss            0x2000000c      0x100 load address 0x080045b0
                0x2000000c                        _sbss = .
                0x2000000c                        __bss_start__ = _sbss
 *(.bss)
 .bss           0x2000000c       0x1c C:/ST/STM32CubeIDE_1.18.0/STM32CubeIDE/plugins/com.st.stm32cube.ide.mcu.externaltools.gnu-tools-for-stm32.13.3.rel1.win32_1.0.0.202411081344/tools/bin/../lib/gcc/arm-none-eabi/13.3.1/thumb/v6-m/nofp/crtbegin.o
 *(.bss*)
 .bss.value     0x20000028        0x2 ./Core/Src/main.o
                0x20000028                value
 *fill*         0x2000002a        0x2 
 .bss.hadc1     0x2000002c       0x64 ./Core/Src/main.o
                0x2000002c                hadc1
 .bss.hrtc      0x20000090       0x2c ./Core/Src/main.o
                0x20000090                hrtc
 .bss.htim3     0x200000bc       0x4c ./Core/Src/main.o
                0x200000bc                htim3
 .bss.uwTick    0x20000108        0x4 ./Drivers/STM32G0xx_HAL_Driver/Src/stm32g0xx_hal.o
                0x20000108                uwTick
 *(COMMON)
                0x2000010c                        . = ALIGN (0x4)
                0x2000010c                        _ebss = .
                0x2000010c                        __bss_end__ = _ebss

._user_heap_stack
                0x2000010c      0x604 load address 0x080045b0
                0x20000110                        . = ALIGN (0x8)
 *fill*         0x2000010c        0x4 
                [!provide]                        PROVIDE (end = .)
                0x20000110                        PROVIDE (_end = .)
                0x20000310                        . = (. + _Min_Heap_Size)
 *fill*         0x20000110      0x200 
                0x20000710                        . = (. + _Min_Stack_Size)
 *fill*         0x20000310      0x400 
                0x20000710                        . = ALIGN (0x8)

/DISCARD/
 libc.a(*)
 libm.a(*)
 libgcc.a(*)

.ARM.attributes
                0x00000000       0x28
 *(.ARM.attributes)
 .ARM.attributes
                0x00000000       0x1e C:/ST/STM32CubeIDE_1.18.0/STM32CubeIDE/plugins/com.st.stm32cube.ide.mcu.externaltools.gnu-tools-for-stm32.13.3.rel1.win32_1.0.0.202411081344/tools/bin/../lib/gcc/arm-none-eabi/13.3.1/thumb/v6-m/nofp/crti.o
 .ARM.attributes
                0x0000001e       0x2c C:/ST/STM32CubeIDE_1.18.0/STM32CubeIDE/plugins/com.st.stm32cube.ide.mcu.externaltools.gnu-tools-for-stm32.13.3.rel1.win32_1.0.0.202411081344/tools/bin/../lib/gcc/arm-none-eabi/13.3.1/thumb/v6-m/nofp/crtbegin.o
 .ARM.attributes
                0x0000004a       0x2c ./Core/Src/main.o
 .ARM.attributes
                0x00000076       0x2c ./Core/Src/stm32g0xx_hal_msp.o
 .ARM.attributes
                0x000000a2       0x2c ./Core/Src/stm32g0xx_it.o
 .ARM.attributes
                0x000000ce       0x2c ./Core/Src/system_stm32g0xx.o
 .ARM.attributes
                0x000000fa       0x22 ./Core/Startup/startup_stm32g030f6px.o
 .ARM.attributes
                0x0000011c       0x2c ./Drivers/STM32G0xx_HAL_Driver/Src/stm32g0xx_hal.o
 .ARM.attributes
                0x00000148       0x2c ./Drivers/STM32G0xx_HAL_Driver/Src/stm32g0xx_hal_adc.o
 .ARM.attributes
                0x00000174       0x2c ./Drivers/STM32G0xx_HAL_Driver/Src/stm32g0xx_hal_cortex.o
 .ARM.attributes
                0x000001a0       0x2c ./Drivers/STM32G0xx_HAL_Driver/Src/stm32g0xx_hal_gpio.o
 .ARM.attributes
                0x000001cc       0x2c ./Drivers/STM32G0xx_HAL_Driver/Src/stm32g0xx_hal_pwr.o
 .ARM.attributes
                0x000001f8       0x2c ./Drivers/STM32G0xx_HAL_Driver/Src/stm32g0xx_hal_pwr_ex.o
 .ARM.attributes
                0x00000224       0x2c ./Drivers/STM32G0xx_HAL_Driver/Src/stm32g0xx_hal_rcc.o
 .ARM.attributes
                0x00000250       0x2c ./Drivers/STM32G0xx_HAL_Driver/Src/stm32g0xx_hal_rcc_ex.o
 .ARM.attributes
                0x0000027c       0x2c ./Drivers/STM32G0xx_HAL_Driver/Src/stm32g0xx_hal_rtc.o
 .ARM.attributes
                0x000002a8       0x2c ./Drivers/STM32G0xx_HAL_Driver/Src/stm32g0xx_hal_rtc_ex.o
 .ARM.attributes
                0x000002d4       0x2c ./Drivers/STM32G0xx_HAL_Driver/Src/stm32g0xx_hal_tim.o
 .ARM.attributes
                0x00000300       0x2c ./Drivers/STM32G0xx_HAL_Driver/Src/stm32g0xx_hal_tim_ex.o
 .ARM.attributes
                0x0000032c       0x2c C:/ST/STM32CubeIDE_1.18.0/STM32CubeIDE/plugins/com.st.stm32cube.ide.mcu.externaltools.gnu-tools-for-stm32.13.3.rel1.win32_1.0.0.202411081344/tools/bin/../lib/gcc/arm-none-eabi/13.3.1/../../../../arm-none-eabi/lib/thumb/v6-m/nofp\libc_nano.a(libc_a-memset.o)
 .ARM.attributes
                0x00000358       0x2c C:/ST/STM32CubeIDE_1.18.0/STM32CubeIDE/plugins/com.st.stm32cube.ide.mcu.externaltools.gnu-tools-for-stm32.13.3.rel1.win32_1.0.0.202411081344/tools/bin/../lib/gcc/arm-none-eabi/13.3.1/../../../../arm-none-eabi/lib/thumb/v6-m/nofp\libc_nano.a(libc_a-init.o)
 .ARM.attributes
                0x00000384       0x1e C:/ST/STM32CubeIDE_1.18.0/STM32CubeIDE/plugins/com.st.stm32cube.ide.mcu.externaltools.gnu-tools-for-stm32.13.3.rel1.win32_1.0.0.202411081344/tools/bin/../lib/gcc/arm-none-eabi/13.3.1/thumb/v6-m/nofp\libgcc.a(_udivsi3.o)
 .ARM.attributes
                0x000003a2       0x1e C:/ST/STM32CubeIDE_1.18.0/STM32CubeIDE/plugins/com.st.stm32cube.ide.mcu.externaltools.gnu-tools-for-stm32.13.3.rel1.win32_1.0.0.202411081344/tools/bin/../lib/gcc/arm-none-eabi/13.3.1/thumb/v6-m/nofp\libgcc.a(_dvmd_tls.o)
 .ARM.attributes
                0x000003c0       0x1e C:/ST/STM32CubeIDE_1.18.0/STM32CubeIDE/plugins/com.st.stm32cube.ide.mcu.externaltools.gnu-tools-for-stm32.13.3.rel1.win32_1.0.0.202411081344/tools/bin/../lib/gcc/arm-none-eabi/13.3.1/thumb/v6-m/nofp/crtn.o
OUTPUT(Kapacitivno_mjerenje_vlage.elf elf32-littlearm)
LOAD linker stubs
LOAD C:/ST/STM32CubeIDE_1.18.0/STM32CubeIDE/plugins/com.st.stm32cube.ide.mcu.externaltools.gnu-tools-for-stm32.13.3.rel1.win32_1.0.0.202411081344/tools/bin/../lib/gcc/arm-none-eabi/13.3.1/../../../../arm-none-eabi/lib/thumb/v6-m/nofp\libc.a
LOAD C:/ST/STM32CubeIDE_1.18.0/STM32CubeIDE/plugins/com.st.stm32cube.ide.mcu.externaltools.gnu-tools-for-stm32.13.3.rel1.win32_1.0.0.202411081344/tools/bin/../lib/gcc/arm-none-eabi/13.3.1/../../../../arm-none-eabi/lib/thumb/v6-m/nofp\libm.a
LOAD C:/ST/STM32CubeIDE_1.18.0/STM32CubeIDE/plugins/com.st.stm32cube.ide.mcu.externaltools.gnu-tools-for-stm32.13.3.rel1.win32_1.0.0.202411081344/tools/bin/../lib/gcc/arm-none-eabi/13.3.1/thumb/v6-m/nofp\libgcc.a

.debug_info     0x00000000     0xe557
 .debug_info    0x00000000     0x1841 ./Core/Src/main.o
 .debug_info    0x00001841     0x1339 ./Core/Src/stm32g0xx_hal_msp.o
 .debug_info    0x00002b7a      0xab4 ./Core/Src/stm32g0xx_it.o
 .debug_info    0x0000362e      0x316 ./Core/Src/system_stm32g0xx.o
 .debug_info    0x00003944       0x30 ./Core/Startup/startup_stm32g030f6px.o
 .debug_info    0x00003974      0x8f0 ./Drivers/STM32G0xx_HAL_Driver/Src/stm32g0xx_hal.o
 .debug_info    0x00004264     0x155e ./Drivers/STM32G0xx_HAL_Driver/Src/stm32g0xx_hal_adc.o
 .debug_info    0x000057c2      0x8a9 ./Drivers/STM32G0xx_HAL_Driver/Src/stm32g0xx_hal_cortex.o
 .debug_info    0x0000606b      0x59d ./Drivers/STM32G0xx_HAL_Driver/Src/stm32g0xx_hal_gpio.o
 .debug_info    0x00006608      0x5aa ./Drivers/STM32G0xx_HAL_Driver/Src/stm32g0xx_hal_pwr.o
 .debug_info    0x00006bb2      0x496 ./Drivers/STM32G0xx_HAL_Driver/Src/stm32g0xx_hal_pwr_ex.o
 .debug_info    0x00007048      0xad0 ./Drivers/STM32G0xx_HAL_Driver/Src/stm32g0xx_hal_rcc.o
 .debug_info    0x00007b18      0x72b ./Drivers/STM32G0xx_HAL_Driver/Src/stm32g0xx_hal_rcc_ex.o
 .debug_info    0x00008243      0xc7c ./Drivers/STM32G0xx_HAL_Driver/Src/stm32g0xx_hal_rtc.o
 .debug_info    0x00008ebf     0x1239 ./Drivers/STM32G0xx_HAL_Driver/Src/stm32g0xx_hal_rtc_ex.o
 .debug_info    0x0000a0f8     0x2ba7 ./Drivers/STM32G0xx_HAL_Driver/Src/stm32g0xx_hal_tim.o
 .debug_info    0x0000cc9f     0x18b8 ./Drivers/STM32G0xx_HAL_Driver/Src/stm32g0xx_hal_tim_ex.o

.debug_abbrev   0x00000000     0x2347
 .debug_abbrev  0x00000000      0x2ce ./Core/Src/main.o
 .debug_abbrev  0x000002ce      0x24b ./Core/Src/stm32g0xx_hal_msp.o
 .debug_abbrev  0x00000519      0x1be ./Core/Src/stm32g0xx_it.o
 .debug_abbrev  0x000006d7      0x119 ./Core/Src/system_stm32g0xx.o
 .debug_abbrev  0x000007f0       0x24 ./Core/Startup/startup_stm32g030f6px.o
 .debug_abbrev  0x00000814      0x2b4 ./Drivers/STM32G0xx_HAL_Driver/Src/stm32g0xx_hal.o
 .debug_abbrev  0x00000ac8      0x267 ./Drivers/STM32G0xx_HAL_Driver/Src/stm32g0xx_hal_adc.o
 .debug_abbrev  0x00000d2f      0x2ab ./Drivers/STM32G0xx_HAL_Driver/Src/stm32g0xx_hal_cortex.o
 .debug_abbrev  0x00000fda      0x1c3 ./Drivers/STM32G0xx_HAL_Driver/Src/stm32g0xx_hal_gpio.o
 .debug_abbrev  0x0000119d      0x172 ./Drivers/STM32G0xx_HAL_Driver/Src/stm32g0xx_hal_pwr.o
 .debug_abbrev  0x0000130f      0x1d7 ./Drivers/STM32G0xx_HAL_Driver/Src/stm32g0xx_hal_pwr_ex.o
 .debug_abbrev  0x000014e6      0x2a9 ./Drivers/STM32G0xx_HAL_Driver/Src/stm32g0xx_hal_rcc.o
 .debug_abbrev  0x0000178f      0x229 ./Drivers/STM32G0xx_HAL_Driver/Src/stm32g0xx_hal_rcc_ex.o
 .debug_abbrev  0x000019b8      0x200 ./Drivers/STM32G0xx_HAL_Driver/Src/stm32g0xx_hal_rtc.o
 .debug_abbrev  0x00001bb8      0x249 ./Drivers/STM32G0xx_HAL_Driver/Src/stm32g0xx_hal_rtc_ex.o
 .debug_abbrev  0x00001e01      0x29b ./Drivers/STM32G0xx_HAL_Driver/Src/stm32g0xx_hal_tim.o
 .debug_abbrev  0x0000209c      0x2ab ./Drivers/STM32G0xx_HAL_Driver/Src/stm32g0xx_hal_tim_ex.o

.debug_aranges  0x00000000      0xf50
 .debug_aranges
                0x00000000       0x58 ./Core/Src/main.o
 .debug_aranges
                0x00000058       0x58 ./Core/Src/stm32g0xx_hal_msp.o
 .debug_aranges
                0x000000b0       0x58 ./Core/Src/stm32g0xx_it.o
 .debug_aranges
                0x00000108       0x28 ./Core/Src/system_stm32g0xx.o
 .debug_aranges
                0x00000130       0x28 ./Core/Startup/startup_stm32g030f6px.o
 .debug_aranges
                0x00000158      0x100 ./Drivers/STM32G0xx_HAL_Driver/Src/stm32g0xx_hal.o
 .debug_aranges
                0x00000258      0x1f0 ./Drivers/STM32G0xx_HAL_Driver/Src/stm32g0xx_hal_adc.o
 .debug_aranges
                0x00000448       0xe8 ./Drivers/STM32G0xx_HAL_Driver/Src/stm32g0xx_hal_cortex.o
 .debug_aranges
                0x00000530       0x60 ./Drivers/STM32G0xx_HAL_Driver/Src/stm32g0xx_hal_gpio.o
 .debug_aranges
                0x00000590       0x78 ./Drivers/STM32G0xx_HAL_Driver/Src/stm32g0xx_hal_pwr.o
 .debug_aranges
                0x00000608       0x98 ./Drivers/STM32G0xx_HAL_Driver/Src/stm32g0xx_hal_pwr_ex.o
 .debug_aranges
                0x000006a0       0xa0 ./Drivers/STM32G0xx_HAL_Driver/Src/stm32g0xx_hal_rcc.o
 .debug_aranges
                0x00000740       0x40 ./Drivers/STM32G0xx_HAL_Driver/Src/stm32g0xx_hal_rcc_ex.o
 .debug_aranges
                0x00000780       0xe8 ./Drivers/STM32G0xx_HAL_Driver/Src/stm32g0xx_hal_rtc.o
 .debug_aranges
                0x00000868      0x170 ./Drivers/STM32G0xx_HAL_Driver/Src/stm32g0xx_hal_rtc_ex.o
 .debug_aranges
                0x000009d8      0x3e0 ./Drivers/STM32G0xx_HAL_Driver/Src/stm32g0xx_hal_tim.o
 .debug_aranges
                0x00000db8      0x198 ./Drivers/STM32G0xx_HAL_Driver/Src/stm32g0xx_hal_tim_ex.o

.debug_rnglists
                0x00000000      0xbd6
 .debug_rnglists
                0x00000000       0x42 ./Core/Src/main.o
 .debug_rnglists
                0x00000042       0x3e ./Core/Src/stm32g0xx_hal_msp.o
 .debug_rnglists
                0x00000080       0x3d ./Core/Src/stm32g0xx_it.o
 .debug_rnglists
                0x000000bd       0x1a ./Core/Src/system_stm32g0xx.o
 .debug_rnglists
                0x000000d7       0x19 ./Core/Startup/startup_stm32g030f6px.o
 .debug_rnglists
                0x000000f0       0xbc ./Drivers/STM32G0xx_HAL_Driver/Src/stm32g0xx_hal.o
 .debug_rnglists
                0x000001ac      0x17f ./Drivers/STM32G0xx_HAL_Driver/Src/stm32g0xx_hal_adc.o
 .debug_rnglists
                0x0000032b       0xaa ./Drivers/STM32G0xx_HAL_Driver/Src/stm32g0xx_hal_cortex.o
 .debug_rnglists
                0x000003d5       0x45 ./Drivers/STM32G0xx_HAL_Driver/Src/stm32g0xx_hal_gpio.o
 .debug_rnglists
                0x0000041a       0x55 ./Drivers/STM32G0xx_HAL_Driver/Src/stm32g0xx_hal_pwr.o
 .debug_rnglists
                0x0000046f       0x72 ./Drivers/STM32G0xx_HAL_Driver/Src/stm32g0xx_hal_pwr_ex.o
 .debug_rnglists
                0x000004e1       0x79 ./Drivers/STM32G0xx_HAL_Driver/Src/stm32g0xx_hal_rcc.o
 .debug_rnglists
                0x0000055a       0x2f ./Drivers/STM32G0xx_HAL_Driver/Src/stm32g0xx_hal_rcc_ex.o
 .debug_rnglists
                0x00000589       0xb5 ./Drivers/STM32G0xx_HAL_Driver/Src/stm32g0xx_hal_rtc.o
 .debug_rnglists
                0x0000063e      0x120 ./Drivers/STM32G0xx_HAL_Driver/Src/stm32g0xx_hal_rtc_ex.o
 .debug_rnglists
                0x0000075e      0x32a ./Drivers/STM32G0xx_HAL_Driver/Src/stm32g0xx_hal_tim.o
 .debug_rnglists
                0x00000a88      0x14e ./Drivers/STM32G0xx_HAL_Driver/Src/stm32g0xx_hal_tim_ex.o

.debug_macro    0x00000000    0x16204
 .debug_macro   0x00000000      0x21b ./Core/Src/main.o
 .debug_macro   0x0000021b      0xaae ./Core/Src/main.o
 .debug_macro   0x00000cc9      0x123 ./Core/Src/main.o
 .debug_macro   0x00000dec       0x2e ./Core/Src/main.o
 .debug_macro   0x00000e1a       0x28 ./Core/Src/main.o
 .debug_macro   0x00000e42       0x22 ./Core/Src/main.o
 .debug_macro   0x00000e64       0x8e ./Core/Src/main.o
 .debug_macro   0x00000ef2       0x51 ./Core/Src/main.o
 .debug_macro   0x00000f43      0x103 ./Core/Src/main.o
 .debug_macro   0x00001046       0x6a ./Core/Src/main.o
 .debug_macro   0x000010b0      0x1df ./Core/Src/main.o
 .debug_macro   0x0000128f       0x1c ./Core/Src/main.o
 .debug_macro   0x000012ab       0x22 ./Core/Src/main.o
 .debug_macro   0x000012cd       0xd1 ./Core/Src/main.o
 .debug_macro   0x0000139e      0x4da ./Core/Src/main.o
 .debug_macro   0x00001878      0x11f ./Core/Src/main.o
 .debug_macro   0x00001997     0xa0e8 ./Core/Src/main.o
 .debug_macro   0x0000ba7f       0x66 ./Core/Src/main.o
 .debug_macro   0x0000bae5     0x350e ./Core/Src/main.o
 .debug_macro   0x0000eff3      0x190 ./Core/Src/main.o
 .debug_macro   0x0000f183       0x5c ./Core/Src/main.o
 .debug_macro   0x0000f1df      0x462 ./Core/Src/main.o
 .debug_macro   0x0000f641      0xe1a ./Core/Src/main.o
 .debug_macro   0x0001045b      0x106 ./Core/Src/main.o
 .debug_macro   0x00010561      0x1cf ./Core/Src/main.o
 .debug_macro   0x00010730       0xff ./Core/Src/main.o
 .debug_macro   0x0001082f      0x33c ./Core/Src/main.o
 .debug_macro   0x00010b6b      0x202 ./Core/Src/main.o
 .debug_macro   0x00010d6d      0x2c7 ./Core/Src/main.o
 .debug_macro   0x00011034      0x198 ./Core/Src/main.o
 .debug_macro   0x000111cc       0x43 ./Core/Src/main.o
 .debug_macro   0x0001120f      0x1f1 ./Core/Src/main.o
 .debug_macro   0x00011400      0x8a1 ./Core/Src/main.o
 .debug_macro   0x00011ca1      0x5ad ./Core/Src/main.o
 .debug_macro   0x0001224e       0x2e ./Core/Src/main.o
 .debug_macro   0x0001227c      0x1d6 ./Core/Src/main.o
 .debug_macro   0x00012452      0x2a3 ./Core/Src/main.o
 .debug_macro   0x000126f5       0x28 ./Core/Src/main.o
 .debug_macro   0x0001271d       0xcf ./Core/Src/main.o
 .debug_macro   0x000127ec       0xff ./Core/Src/main.o
 .debug_macro   0x000128eb      0x10d ./Core/Src/main.o
 .debug_macro   0x000129f8      0x328 ./Core/Src/main.o
 .debug_macro   0x00012d20      0x432 ./Core/Src/main.o
 .debug_macro   0x00013152       0xf2 ./Core/Src/main.o
 .debug_macro   0x00013244      0xac2 ./Core/Src/main.o
 .debug_macro   0x00013d06       0xfa ./Core/Src/main.o
 .debug_macro   0x00013e00      0x412 ./Core/Src/main.o
 .debug_macro   0x00014212       0x52 ./Core/Src/main.o
 .debug_macro   0x00014264      0x21b ./Core/Src/stm32g0xx_hal_msp.o
 .debug_macro   0x0001447f      0x225 ./Core/Src/stm32g0xx_it.o
 .debug_macro   0x000146a4      0x20c ./Core/Src/system_stm32g0xx.o
 .debug_macro   0x000148b0      0x22a ./Drivers/STM32G0xx_HAL_Driver/Src/stm32g0xx_hal.o
 .debug_macro   0x00014ada      0x230 ./Drivers/STM32G0xx_HAL_Driver/Src/stm32g0xx_hal_adc.o
 .debug_macro   0x00014d0a      0x20c ./Drivers/STM32G0xx_HAL_Driver/Src/stm32g0xx_hal_cortex.o
 .debug_macro   0x00014f16      0x213 ./Drivers/STM32G0xx_HAL_Driver/Src/stm32g0xx_hal_gpio.o
 .debug_macro   0x00015129      0x20c ./Drivers/STM32G0xx_HAL_Driver/Src/stm32g0xx_hal_pwr.o
 .debug_macro   0x00015335      0x21e ./Drivers/STM32G0xx_HAL_Driver/Src/stm32g0xx_hal_pwr_ex.o
 .debug_macro   0x00015553      0x24e ./Drivers/STM32G0xx_HAL_Driver/Src/stm32g0xx_hal_rcc.o
 .debug_macro   0x000157a1      0x224 ./Drivers/STM32G0xx_HAL_Driver/Src/stm32g0xx_hal_rcc_ex.o
 .debug_macro   0x000159c5      0x20d ./Drivers/STM32G0xx_HAL_Driver/Src/stm32g0xx_hal_rtc.o
 .debug_macro   0x00015bd2      0x20c ./Drivers/STM32G0xx_HAL_Driver/Src/stm32g0xx_hal_rtc_ex.o
 .debug_macro   0x00015dde      0x214 ./Drivers/STM32G0xx_HAL_Driver/Src/stm32g0xx_hal_tim.o
 .debug_macro   0x00015ff2      0x212 ./Drivers/STM32G0xx_HAL_Driver/Src/stm32g0xx_hal_tim_ex.o

.debug_line     0x00000000    0x10e82
 .debug_line    0x00000000      0xa6f ./Core/Src/main.o
 .debug_line    0x00000a6f      0x8d1 ./Core/Src/stm32g0xx_hal_msp.o
 .debug_line    0x00001340      0x873 ./Core/Src/stm32g0xx_it.o
 .debug_line    0x00001bb3      0x841 ./Core/Src/system_stm32g0xx.o
 .debug_line    0x000023f4       0x7b ./Core/Startup/startup_stm32g030f6px.o
 .debug_line    0x0000246f      0xb04 ./Drivers/STM32G0xx_HAL_Driver/Src/stm32g0xx_hal.o
 .debug_line    0x00002f73     0x19ad ./Drivers/STM32G0xx_HAL_Driver/Src/stm32g0xx_hal_adc.o
 .debug_line    0x00004920      0xc1c ./Drivers/STM32G0xx_HAL_Driver/Src/stm32g0xx_hal_cortex.o
 .debug_line    0x0000553c      0xbd8 ./Drivers/STM32G0xx_HAL_Driver/Src/stm32g0xx_hal_gpio.o
 .debug_line    0x00006114      0x92d ./Drivers/STM32G0xx_HAL_Driver/Src/stm32g0xx_hal_pwr.o
 .debug_line    0x00006a41      0xa12 ./Drivers/STM32G0xx_HAL_Driver/Src/stm32g0xx_hal_pwr_ex.o
 .debug_line    0x00007453     0x1042 ./Drivers/STM32G0xx_HAL_Driver/Src/stm32g0xx_hal_rcc.o
 .debug_line    0x00008495      0xb5e ./Drivers/STM32G0xx_HAL_Driver/Src/stm32g0xx_hal_rcc_ex.o
 .debug_line    0x00008ff3     0x125e ./Drivers/STM32G0xx_HAL_Driver/Src/stm32g0xx_hal_rtc.o
 .debug_line    0x0000a251     0x143d ./Drivers/STM32G0xx_HAL_Driver/Src/stm32g0xx_hal_rtc_ex.o
 .debug_line    0x0000b68e     0x3c36 ./Drivers/STM32G0xx_HAL_Driver/Src/stm32g0xx_hal_tim.o
 .debug_line    0x0000f2c4     0x1bbe ./Drivers/STM32G0xx_HAL_Driver/Src/stm32g0xx_hal_tim_ex.o

.debug_str      0x00000000    0x91272
 .debug_str     0x00000000    0x91272 ./Core/Src/main.o
                              0x8df68 (size before relaxing)
 .debug_str     0x00091272    0x8dbbf ./Core/Src/stm32g0xx_hal_msp.o
 .debug_str     0x00091272    0x8d604 ./Core/Src/stm32g0xx_it.o
 .debug_str     0x00091272    0x8cda4 ./Core/Src/system_stm32g0xx.o
 .debug_str     0x00091272       0x85 ./Core/Startup/startup_stm32g030f6px.o
 .debug_str     0x00091272    0x8d42f ./Drivers/STM32G0xx_HAL_Driver/Src/stm32g0xx_hal.o
 .debug_str     0x00091272    0x8db5f ./Drivers/STM32G0xx_HAL_Driver/Src/stm32g0xx_hal_adc.o
 .debug_str     0x00091272    0x8d1f6 ./Drivers/STM32G0xx_HAL_Driver/Src/stm32g0xx_hal_cortex.o
 .debug_str     0x00091272    0x8ced9 ./Drivers/STM32G0xx_HAL_Driver/Src/stm32g0xx_hal_gpio.o
 .debug_str     0x00091272    0x8cf99 ./Drivers/STM32G0xx_HAL_Driver/Src/stm32g0xx_hal_pwr.o
 .debug_str     0x00091272    0x8cff8 ./Drivers/STM32G0xx_HAL_Driver/Src/stm32g0xx_hal_pwr_ex.o
 .debug_str     0x00091272    0x8d4c8 ./Drivers/STM32G0xx_HAL_Driver/Src/stm32g0xx_hal_rcc.o
 .debug_str     0x00091272    0x8d0e0 ./Drivers/STM32G0xx_HAL_Driver/Src/stm32g0xx_hal_rcc_ex.o
 .debug_str     0x00091272    0x8d26e ./Drivers/STM32G0xx_HAL_Driver/Src/stm32g0xx_hal_rtc.o
 .debug_str     0x00091272    0x8d6bb ./Drivers/STM32G0xx_HAL_Driver/Src/stm32g0xx_hal_rtc_ex.o
 .debug_str     0x00091272    0x8e2e6 ./Drivers/STM32G0xx_HAL_Driver/Src/stm32g0xx_hal_tim.o
 .debug_str     0x00091272    0x8dc74 ./Drivers/STM32G0xx_HAL_Driver/Src/stm32g0xx_hal_tim_ex.o

.comment        0x00000000       0x43
 .comment       0x00000000       0x43 ./Core/Src/main.o
                                 0x44 (size before relaxing)
 .comment       0x00000043       0x44 ./Core/Src/stm32g0xx_hal_msp.o
 .comment       0x00000043       0x44 ./Core/Src/stm32g0xx_it.o
 .comment       0x00000043       0x44 ./Core/Src/system_stm32g0xx.o
 .comment       0x00000043       0x44 ./Drivers/STM32G0xx_HAL_Driver/Src/stm32g0xx_hal.o
 .comment       0x00000043       0x44 ./Drivers/STM32G0xx_HAL_Driver/Src/stm32g0xx_hal_adc.o
 .comment       0x00000043       0x44 ./Drivers/STM32G0xx_HAL_Driver/Src/stm32g0xx_hal_cortex.o
 .comment       0x00000043       0x44 ./Drivers/STM32G0xx_HAL_Driver/Src/stm32g0xx_hal_gpio.o
 .comment       0x00000043       0x44 ./Drivers/STM32G0xx_HAL_Driver/Src/stm32g0xx_hal_pwr.o
 .comment       0x00000043       0x44 ./Drivers/STM32G0xx_HAL_Driver/Src/stm32g0xx_hal_pwr_ex.o
 .comment       0x00000043       0x44 ./Drivers/STM32G0xx_HAL_Driver/Src/stm32g0xx_hal_rcc.o
 .comment       0x00000043       0x44 ./Drivers/STM32G0xx_HAL_Driver/Src/stm32g0xx_hal_rcc_ex.o
 .comment       0x00000043       0x44 ./Drivers/STM32G0xx_HAL_Driver/Src/stm32g0xx_hal_rtc.o
 .comment       0x00000043       0x44 ./Drivers/STM32G0xx_HAL_Driver/Src/stm32g0xx_hal_rtc_ex.o
 .comment       0x00000043       0x44 ./Drivers/STM32G0xx_HAL_Driver/Src/stm32g0xx_hal_tim.o
 .comment       0x00000043       0x44 ./Drivers/STM32G0xx_HAL_Driver/Src/stm32g0xx_hal_tim_ex.o

.debug_frame    0x00000000     0x3774
 .debug_frame   0x00000000      0x104 ./Core/Src/main.o
 .debug_frame   0x00000104      0x110 ./Core/Src/stm32g0xx_hal_msp.o
 .debug_frame   0x00000214       0xf0 ./Core/Src/stm32g0xx_it.o
 .debug_frame   0x00000304       0x4c ./Core/Src/system_stm32g0xx.o
 .debug_frame   0x00000350      0x360 ./Drivers/STM32G0xx_HAL_Driver/Src/stm32g0xx_hal.o
 .debug_frame   0x000006b0      0x78c ./Drivers/STM32G0xx_HAL_Driver/Src/stm32g0xx_hal_adc.o
 .debug_frame   0x00000e3c      0x33c ./Drivers/STM32G0xx_HAL_Driver/Src/stm32g0xx_hal_cortex.o
 .debug_frame   0x00001178      0x130 ./Drivers/STM32G0xx_HAL_Driver/Src/stm32g0xx_hal_gpio.o
 .debug_frame   0x000012a8      0x170 ./Drivers/STM32G0xx_HAL_Driver/Src/stm32g0xx_hal_pwr.o
 .debug_frame   0x00001418      0x1f4 ./Drivers/STM32G0xx_HAL_Driver/Src/stm32g0xx_hal_pwr_ex.o
 .debug_frame   0x0000160c      0x214 ./Drivers/STM32G0xx_HAL_Driver/Src/stm32g0xx_hal_rcc.o
 .debug_frame   0x00001820       0xb0 ./Drivers/STM32G0xx_HAL_Driver/Src/stm32g0xx_hal_rcc_ex.o
 .debug_frame   0x000018d0      0x360 ./Drivers/STM32G0xx_HAL_Driver/Src/stm32g0xx_hal_rtc.o
 .debug_frame   0x00001c30      0x578 ./Drivers/STM32G0xx_HAL_Driver/Src/stm32g0xx_hal_rtc_ex.o
 .debug_frame   0x000021a8      0xf40 ./Drivers/STM32G0xx_HAL_Driver/Src/stm32g0xx_hal_tim.o
 .debug_frame   0x000030e8      0x620 ./Drivers/STM32G0xx_HAL_Driver/Src/stm32g0xx_hal_tim_ex.o
 .debug_frame   0x00003708       0x20 C:/ST/STM32CubeIDE_1.18.0/STM32CubeIDE/plugins/com.st.stm32cube.ide.mcu.externaltools.gnu-tools-for-stm32.13.3.rel1.win32_1.0.0.202411081344/tools/bin/../lib/gcc/arm-none-eabi/13.3.1/../../../../arm-none-eabi/lib/thumb/v6-m/nofp\libc_nano.a(libc_a-memset.o)
 .debug_frame   0x00003728       0x2c C:/ST/STM32CubeIDE_1.18.0/STM32CubeIDE/plugins/com.st.stm32cube.ide.mcu.externaltools.gnu-tools-for-stm32.13.3.rel1.win32_1.0.0.202411081344/tools/bin/../lib/gcc/arm-none-eabi/13.3.1/../../../../arm-none-eabi/lib/thumb/v6-m/nofp\libc_nano.a(libc_a-init.o)
 .debug_frame   0x00003754       0x20 C:/ST/STM32CubeIDE_1.18.0/STM32CubeIDE/plugins/com.st.stm32cube.ide.mcu.externaltools.gnu-tools-for-stm32.13.3.rel1.win32_1.0.0.202411081344/tools/bin/../lib/gcc/arm-none-eabi/13.3.1/thumb/v6-m/nofp\libgcc.a(_udivsi3.o)

.debug_line_str
                0x00000000       0x69
 .debug_line_str
                0x00000000       0x69 ./Core/Startup/startup_stm32g030f6px.o
